// Jest Snapshot v1, https://goo.gl/fbAQLP

exports[`should render LoginPage correctly 1`] = `
<div>
  <button>
    Login with Google
  </button>
</div>
`;
